<Properties StartupConfiguration="{467B4DCD-9823-4D69-97F5-4372313EFEA0}|Default">
  <MonoDevelop.Ide.Workbench ActiveDocument="TestLibrary/LibraryTests.cs">
    <Files>
      <File FileName="Library/Thing.cs" Line="10" Column="1" />
      <File FileName="TestLibrary/LibraryTests.cs" Line="7" Column="26" />
      <File FileName="App/Program.cs" Line="12" Column="6" />
    </Files>
    <Pads>
      <Pad Id="MonoDevelop.UnitTesting.TestPad">
        <State name="__root__">
          <Node name="Golden" selected="True" />
        </State>
      </Pad>
    </Pads>
  </MonoDevelop.Ide.Workbench>
  <MonoDevelop.Ide.Workspace ActiveConfiguration="Debug" />
  <MonoDevelop.Ide.DebuggingService.Breakpoints>
    <BreakpointStore />
  </MonoDevelop.Ide.DebuggingService.Breakpoints>
  <MonoDevelop.Ide.DebuggingService.PinnedWatches />
  <MonoDevelop.Ide.ItemProperties.App PreferredExecutionTarget="MonoDevelop.Default" />
  <MonoDevelop.Ide.ItemProperties.TestLibrary PreferredExecutionTarget="MonoDevelop.Default" />
  <MultiItemStartupConfigurations />
</Properties>